token: reserved word let
token: identifier main
token: whitespace 
token: operator =
token: indent block start
token: indent block start
token: indent block start
token: indent block start
token: reserved word let
token: identifier test
token: whitespace 
token: operator =
token: whitespace 
token: numeric literal 67
token: indent block start
token: operator /
token: whitespace
token: numeric literal 87
token: indent block end 1
token: indent block end 2
token: indent block start
token: reserved word let
token: identifier x
token: whitespace 
token: operator =
token: whitespace 
token: numeric literal 123
token: ;
token: indent block end 1
token: indent block start
token: indent block start
token: indent block end 1
token: indent block end 2
token: indent block end 1
token: reserved word let
token: identifier invalid
token: whitespace 
token: operator =
token: indent block start
token: indent block start
syntax error at line 44: Mismatched indent
token: ;
token: indent block start
token: indent block end 1